2024-09-19 02:23:45 UTC
Windows-10-10.0.19041
Ren'Py 8.2.1.24030407

Early init took 0.09s
Loading error handling took 0.03s
Loading script took 0.12s
Loading save slot metadata took 0.03s
Loading persistent took 0.00s
Running init code took 0.06s
Loading analysis data took 0.01s
Analyze and compile ATL took 0.00s
Reloading save slot metadata took 0.02s
Index archives took 0.00s
Dump and make backups took 0.05s
Cleaning cache took 0.00s
Making clean stores took 0.00s
Initial gc took 0.03s
DPI scale factor: 1.000000
nvdrs: Loaded, about to disable thread optimizations.
nvdrs: Disabled thread optimizations.
Creating interface object took 0.35s
Cleaning stores took 0.00s
Init translation took 0.03s
Build styles took 0.00s
Load screen analysis took 0.03s
Analyze screens took 0.00s
Save screen analysis took 0.00s
Prepare screens took 0.06s
Save pyanalysis. took 0.00s
Save bytecode. took 0.00s
Running _start took 0.00s
Interface start took 0.07s

Initializing gl2 renderer:
primary display bounds: (0, 0, 1920, 1080)
swap interval: 1 frames
Fullscreen mode.
Vendor: "b'NVIDIA Corporation'"
Renderer: b'NVIDIA GeForce GTX 1660/PCIe/SSE2'
Version: b'4.6.0 NVIDIA 536.23'
Display Info: None
Screen sizes: virtual=(1920, 1080) physical=(1920, 1080) drawable=(1920, 1080)
Maximum texture size: 4096x4096

Full traceback:
  File "game/prologo.rpy", line 31, in script
    n "Olá, mundo! Preparem-se pois eu vou com tudo!"
  File "C:\Users\Silvana Lima\Downloads\renpy\renpy-8.2.1-sdk\renpy\ast.py", line 2557, in execute
    Say.execute(self)
  File "C:\Users\Silvana Lima\Downloads\renpy\renpy-8.2.1-sdk\renpy\ast.py", line 615, in execute
    renpy.exports.say(who, what, *args, **kwargs)
  File "C:\Users\Silvana Lima\Downloads\renpy\renpy-8.2.1-sdk\renpy\exports.py", line 1493, in say
    who(what, *args, **kwargs)
  File "C:\Users\Silvana Lima\Downloads\renpy\renpy-8.2.1-sdk\renpy\character.py", line 1394, in __call__
    self.do_display(who, what, cb_args=self.cb_args, dtt=dtt, **display_args)
  File "renpy/common/00nvl_mode.rpy", line 380, in do_display
    renpy.display_say(
  File "C:\Users\Silvana Lima\Downloads\renpy\renpy-8.2.1-sdk\renpy\character.py", line 741, in display_say
    rv = renpy.ui.interact(mouse='say', type=type, roll_forward=roll_forward)
  File "C:\Users\Silvana Lima\Downloads\renpy\renpy-8.2.1-sdk\renpy\ui.py", line 301, in interact
    rv = renpy.game.interface.interact(roll_forward=roll_forward, **kwargs)
  File "C:\Users\Silvana Lima\Downloads\renpy\renpy-8.2.1-sdk\renpy\display\core.py", line 2165, in interact
    repeat, rv = self.interact_core(preloads=preloads, trans_pause=trans_pause, pause=pause, pause_start=pause_start, pause_modal=pause_modal, **kwargs) # type: ignore
  File "C:\Users\Silvana Lima\Downloads\renpy\renpy-8.2.1-sdk\renpy\display\core.py", line 2818, in interact_core
    self.draw_screen(root_widget, fullscreen_video, (not fullscreen_video) or video_frame_drawn)
  File "C:\Users\Silvana Lima\Downloads\renpy\renpy-8.2.1-sdk\renpy\display\core.py", line 1352, in draw_screen
    surftree = renpy.display.render.render_screen(
  File "render.pyx", line 486, in renpy.display.render.render_screen
  File "render.pyx", line 260, in renpy.display.render.render
  File "C:\Users\Silvana Lima\Downloads\renpy\renpy-8.2.1-sdk\renpy\display\layout.py", line 900, in render
    surf = render(child, width, height, cst, cat)
  File "render.pyx", line 170, in renpy.display.render.render
  File "render.pyx", line 260, in renpy.display.render.render
  File "C:\Users\Silvana Lima\Downloads\renpy\renpy-8.2.1-sdk\renpy\display\layout.py", line 900, in render
    surf = render(child, width, height, cst, cat)
  File "render.pyx", line 170, in renpy.display.render.render
  File "render.pyx", line 260, in renpy.display.render.render
  File "C:\Users\Silvana Lima\Downloads\renpy\renpy-8.2.1-sdk\renpy\display\layout.py", line 900, in render
    surf = render(child, width, height, cst, cat)
  File "render.pyx", line 170, in renpy.display.render.render
  File "render.pyx", line 260, in renpy.display.render.render
  File "C:\Users\Silvana Lima\Downloads\renpy\renpy-8.2.1-sdk\renpy\display\screen.py", line 754, in render
    child = renpy.display.render.render(self.child, w, h, st, at)
  File "render.pyx", line 170, in renpy.display.render.render
  File "render.pyx", line 260, in renpy.display.render.render
  File "C:\Users\Silvana Lima\Downloads\renpy\renpy-8.2.1-sdk\renpy\display\layout.py", line 900, in render
    surf = render(child, width, height, cst, cat)
  File "render.pyx", line 170, in renpy.display.render.render
  File "render.pyx", line 260, in renpy.display.render.render
  File "C:\Users\Silvana Lima\Downloads\renpy\renpy-8.2.1-sdk\renpy\display\layout.py", line 1361, in render
    surf = render(child,
  File "render.pyx", line 170, in renpy.display.render.render
  File "render.pyx", line 260, in renpy.display.render.render
  File "C:\Users\Silvana Lima\Downloads\renpy\renpy-8.2.1-sdk\renpy\display\layout.py", line 1121, in render
    surf = render(d, width - x, rh, cst, cat)
  File "render.pyx", line 170, in renpy.display.render.render
  File "render.pyx", line 260, in renpy.display.render.render
  File "C:\Users\Silvana Lima\Downloads\renpy\renpy-8.2.1-sdk\renpy\display\viewport.py", line 730, in render
    surf = renpy.display.render.render(c, cw, ch, st, at)
  File "render.pyx", line 170, in renpy.display.render.render
  File "render.pyx", line 260, in renpy.display.render.render
  File "C:\Users\Silvana Lima\Downloads\renpy\renpy-8.2.1-sdk\renpy\display\layout.py", line 1396, in render
    back = render(style.background, bw, bh, st, at)
  File "render.pyx", line 170, in renpy.display.render.render
  File "render.pyx", line 260, in renpy.display.render.render
  File "C:\Users\Silvana Lima\Downloads\renpy\renpy-8.2.1-sdk\renpy\display\im.py", line 626, in render
    return cache.get(self, render=True)
  File "C:\Users\Silvana Lima\Downloads\renpy\renpy-8.2.1-sdk\renpy\display\im.py", line 309, in get
    surf = image.load()
  File "C:\Users\Silvana Lima\Downloads\renpy\renpy-8.2.1-sdk\renpy\display\im.py", line 761, in load
    raise e
  File "C:\Users\Silvana Lima\Downloads\renpy\renpy-8.2.1-sdk\renpy\display\im.py", line 722, in load
    surf = renpy.display.pgrender.load_image(f, filename)
  File "C:\Users\Silvana Lima\Downloads\renpy\renpy-8.2.1-sdk\renpy\display\pgrender.py", line 201, in load_image
    raise Exception("Could not load image {!r}{}: {!r}".format(filename, extra, e))
Exception: Could not load image 'images/txtbox-nadia.png': error('Unsupported image format')

While loading <renpy.display.im.Image object ('images/txtbox-nadia.png') at 0x0000000005988310>:
  File "game/prologo.rpy", line 31, in script
    n "Olá, mundo! Preparem-se pois eu vou com tudo!"
  File "renpy/common/00nvl_mode.rpy", line 380, in do_display
    renpy.display_say(
Exception: Could not load image 'images/txtbox-nadia.png': error('Unsupported image format')
While handling exception:
Traceback (most recent call last):
  File "C:\Users\Silvana Lima\Downloads\renpy\renpy-8.2.1-sdk\renpy\display\pgrender.py", line 183, in load_image
    surf = pygame.image.load(f, renpy.exports.fsencode(filename), size=size)
  File "src/pygame_sdl2/image.pyx", line 118, in pygame_sdl2.image.load
pygame_sdl2.error.error: Unsupported image format

During handling of the above exception, another exception occurred:

Traceback (most recent call last):
  File "C:\Users\Silvana Lima\Downloads\renpy\renpy-8.2.1-sdk\renpy\execution.py", line 596, in run
    node.execute()
  File "C:\Users\Silvana Lima\Downloads\renpy\renpy-8.2.1-sdk\renpy\ast.py", line 2557, in execute
    Say.execute(self)
  File "C:\Users\Silvana Lima\Downloads\renpy\renpy-8.2.1-sdk\renpy\ast.py", line 615, in execute
    renpy.exports.say(who, what, *args, **kwargs)
  File "C:\Users\Silvana Lima\Downloads\renpy\renpy-8.2.1-sdk\renpy\exports.py", line 1493, in say
    who(what, *args, **kwargs)
  File "C:\Users\Silvana Lima\Downloads\renpy\renpy-8.2.1-sdk\renpy\character.py", line 1394, in __call__
    self.do_display(who, what, cb_args=self.cb_args, dtt=dtt, **display_args)
  File "renpy/common/00nvl_mode.rpy", line 380, in do_display
    renpy.display_say(
  File "C:\Users\Silvana Lima\Downloads\renpy\renpy-8.2.1-sdk\renpy\character.py", line 741, in display_say
    rv = renpy.ui.interact(mouse='say', type=type, roll_forward=roll_forward)
  File "C:\Users\Silvana Lima\Downloads\renpy\renpy-8.2.1-sdk\renpy\ui.py", line 301, in interact
    rv = renpy.game.interface.interact(roll_forward=roll_forward, **kwargs)
  File "C:\Users\Silvana Lima\Downloads\renpy\renpy-8.2.1-sdk\renpy\display\core.py", line 2165, in interact
    repeat, rv = self.interact_core(preloads=preloads, trans_pause=trans_pause, pause=pause, pause_start=pause_start, pause_modal=pause_modal, **kwargs) # type: ignore
  File "C:\Users\Silvana Lima\Downloads\renpy\renpy-8.2.1-sdk\renpy\display\core.py", line 2818, in interact_core
    self.draw_screen(root_widget, fullscreen_video, (not fullscreen_video) or video_frame_drawn)
  File "C:\Users\Silvana Lima\Downloads\renpy\renpy-8.2.1-sdk\renpy\display\core.py", line 1352, in draw_screen
    surftree = renpy.display.render.render_screen(
  File "render.pyx", line 486, in renpy.display.render.render_screen
  File "render.pyx", line 260, in renpy.display.render.render
  File "C:\Users\Silvana Lima\Downloads\renpy\renpy-8.2.1-sdk\renpy\display\layout.py", line 900, in render
    surf = render(child, width, height, cst, cat)
  File "render.pyx", line 170, in renpy.display.render.render
  File "render.pyx", line 260, in renpy.display.render.render
  File "C:\Users\Silvana Lima\Downloads\renpy\renpy-8.2.1-sdk\renpy\display\layout.py", line 900, in render
    surf = render(child, width, height, cst, cat)
  File "render.pyx", line 170, in renpy.display.render.render
  File "render.pyx", line 260, in renpy.display.render.render
  File "C:\Users\Silvana Lima\Downloads\renpy\renpy-8.2.1-sdk\renpy\display\layout.py", line 900, in render
    surf = render(child, width, height, cst, cat)
  File "render.pyx", line 170, in renpy.display.render.render
  File "render.pyx", line 260, in renpy.display.render.render
  File "C:\Users\Silvana Lima\Downloads\renpy\renpy-8.2.1-sdk\renpy\display\screen.py", line 754, in render
    child = renpy.display.render.render(self.child, w, h, st, at)
  File "render.pyx", line 170, in renpy.display.render.render
  File "render.pyx", line 260, in renpy.display.render.render
  File "C:\Users\Silvana Lima\Downloads\renpy\renpy-8.2.1-sdk\renpy\display\layout.py", line 900, in render
    surf = render(child, width, height, cst, cat)
  File "render.pyx", line 170, in renpy.display.render.render
  File "render.pyx", line 260, in renpy.display.render.render
  File "C:\Users\Silvana Lima\Downloads\renpy\renpy-8.2.1-sdk\renpy\display\layout.py", line 1361, in render
    surf = render(child,
  File "render.pyx", line 170, in renpy.display.render.render
  File "render.pyx", line 260, in renpy.display.render.render
  File "C:\Users\Silvana Lima\Downloads\renpy\renpy-8.2.1-sdk\renpy\display\layout.py", line 1121, in render
    surf = render(d, width - x, rh, cst, cat)
  File "render.pyx", line 170, in renpy.display.render.render
  File "render.pyx", line 260, in renpy.display.render.render
  File "C:\Users\Silvana Lima\Downloads\renpy\renpy-8.2.1-sdk\renpy\display\viewport.py", line 730, in render
    surf = renpy.display.render.render(c, cw, ch, st, at)
  File "render.pyx", line 170, in renpy.display.render.render
  File "render.pyx", line 260, in renpy.display.render.render
  File "C:\Users\Silvana Lima\Downloads\renpy\renpy-8.2.1-sdk\renpy\display\layout.py", line 1396, in render
    back = render(style.background, bw, bh, st, at)
  File "render.pyx", line 170, in renpy.display.render.render
  File "render.pyx", line 260, in renpy.display.render.render
  File "C:\Users\Silvana Lima\Downloads\renpy\renpy-8.2.1-sdk\renpy\display\im.py", line 626, in render
    return cache.get(self, render=True)
  File "C:\Users\Silvana Lima\Downloads\renpy\renpy-8.2.1-sdk\renpy\display\im.py", line 309, in get
    surf = image.load()
  File "C:\Users\Silvana Lima\Downloads\renpy\renpy-8.2.1-sdk\renpy\display\im.py", line 761, in load
    raise e
  File "C:\Users\Silvana Lima\Downloads\renpy\renpy-8.2.1-sdk\renpy\display\im.py", line 722, in load
    surf = renpy.display.pgrender.load_image(f, filename)
  File "C:\Users\Silvana Lima\Downloads\renpy\renpy-8.2.1-sdk\renpy\display\pgrender.py", line 201, in load_image
    raise Exception("Could not load image {!r}{}: {!r}".format(filename, extra, e))
Exception: Could not load image 'images/txtbox-nadia.png': error('Unsupported image format')

During handling of the above exception, another exception occurred:

Traceback (most recent call last):
  File "C:\Users\Silvana Lima\Downloads\renpy\renpy-8.2.1-sdk\renpy\display\pgrender.py", line 183, in load_image
    surf = pygame.image.load(f, renpy.exports.fsencode(filename), size=size)
  File "src/pygame_sdl2/image.pyx", line 118, in pygame_sdl2.image.load
pygame_sdl2.error.error: Unsupported image format

During handling of the above exception, another exception occurred:

Traceback (most recent call last):
  File "C:\Users\Silvana Lima\Downloads\renpy\renpy-8.2.1-sdk\renpy\display\error.py", line 140, in report_exception
    renpy.game.invoke_in_new_context(
  File "C:\Users\Silvana Lima\Downloads\renpy\renpy-8.2.1-sdk\renpy\game.py", line 293, in invoke_in_new_context
    return callable(*args, **kwargs)
  File "C:\Users\Silvana Lima\Downloads\renpy\renpy-8.2.1-sdk\renpy\display\error.py", line 48, in call_exception_screen
    return renpy.ui.interact(mouse="screen", type="screen", suppress_overlay=True, suppress_underlay=True)
  File "C:\Users\Silvana Lima\Downloads\renpy\renpy-8.2.1-sdk\renpy\ui.py", line 301, in interact
    rv = renpy.game.interface.interact(roll_forward=roll_forward, **kwargs)
  File "C:\Users\Silvana Lima\Downloads\renpy\renpy-8.2.1-sdk\renpy\display\core.py", line 2165, in interact
    repeat, rv = self.interact_core(preloads=preloads, trans_pause=trans_pause, pause=pause, pause_start=pause_start, pause_modal=pause_modal, **kwargs) # type: ignore
  File "C:\Users\Silvana Lima\Downloads\renpy\renpy-8.2.1-sdk\renpy\display\core.py", line 2818, in interact_core
    self.draw_screen(root_widget, fullscreen_video, (not fullscreen_video) or video_frame_drawn)
  File "C:\Users\Silvana Lima\Downloads\renpy\renpy-8.2.1-sdk\renpy\display\core.py", line 1352, in draw_screen
    surftree = renpy.display.render.render_screen(
  File "render.pyx", line 486, in renpy.display.render.render_screen
  File "render.pyx", line 260, in renpy.display.render.render
  File "C:\Users\Silvana Lima\Downloads\renpy\renpy-8.2.1-sdk\renpy\display\layout.py", line 900, in render
    surf = render(child, width, height, cst, cat)
  File "render.pyx", line 170, in renpy.display.render.render
  File "render.pyx", line 260, in renpy.display.render.render
  File "C:\Users\Silvana Lima\Downloads\renpy\renpy-8.2.1-sdk\renpy\display\layout.py", line 900, in render
    surf = render(child, width, height, cst, cat)
  File "render.pyx", line 170, in renpy.display.render.render
  File "render.pyx", line 260, in renpy.display.render.render
  File "C:\Users\Silvana Lima\Downloads\renpy\renpy-8.2.1-sdk\renpy\display\layout.py", line 900, in render
    surf = render(child, width, height, cst, cat)
  File "render.pyx", line 170, in renpy.display.render.render
  File "render.pyx", line 260, in renpy.display.render.render
  File "C:\Users\Silvana Lima\Downloads\renpy\renpy-8.2.1-sdk\renpy\display\screen.py", line 754, in render
    child = renpy.display.render.render(self.child, w, h, st, at)
  File "render.pyx", line 170, in renpy.display.render.render
  File "render.pyx", line 260, in renpy.display.render.render
  File "C:\Users\Silvana Lima\Downloads\renpy\renpy-8.2.1-sdk\renpy\display\layout.py", line 900, in render
    surf = render(child, width, height, cst, cat)
  File "render.pyx", line 170, in renpy.display.render.render
  File "render.pyx", line 260, in renpy.display.render.render
  File "C:\Users\Silvana Lima\Downloads\renpy\renpy-8.2.1-sdk\renpy\display\layout.py", line 1361, in render
    surf = render(child,
  File "render.pyx", line 170, in renpy.display.render.render
  File "render.pyx", line 260, in renpy.display.render.render
  File "C:\Users\Silvana Lima\Downloads\renpy\renpy-8.2.1-sdk\renpy\display\layout.py", line 1121, in render
    surf = render(d, width - x, rh, cst, cat)
  File "render.pyx", line 170, in renpy.display.render.render
  File "render.pyx", line 260, in renpy.display.render.render
  File "C:\Users\Silvana Lima\Downloads\renpy\renpy-8.2.1-sdk\renpy\display\viewport.py", line 730, in render
    surf = renpy.display.render.render(c, cw, ch, st, at)
  File "render.pyx", line 170, in renpy.display.render.render
  File "render.pyx", line 260, in renpy.display.render.render
  File "C:\Users\Silvana Lima\Downloads\renpy\renpy-8.2.1-sdk\renpy\display\layout.py", line 1396, in render
    back = render(style.background, bw, bh, st, at)
  File "render.pyx", line 170, in renpy.display.render.render
  File "render.pyx", line 260, in renpy.display.render.render
  File "C:\Users\Silvana Lima\Downloads\renpy\renpy-8.2.1-sdk\renpy\display\im.py", line 626, in render
    return cache.get(self, render=True)
  File "C:\Users\Silvana Lima\Downloads\renpy\renpy-8.2.1-sdk\renpy\display\im.py", line 309, in get
    surf = image.load()
  File "C:\Users\Silvana Lima\Downloads\renpy\renpy-8.2.1-sdk\renpy\display\im.py", line 761, in load
    raise e
  File "C:\Users\Silvana Lima\Downloads\renpy\renpy-8.2.1-sdk\renpy\display\im.py", line 722, in load
    surf = renpy.display.pgrender.load_image(f, filename)
  File "C:\Users\Silvana Lima\Downloads\renpy\renpy-8.2.1-sdk\renpy\display\pgrender.py", line 201, in load_image
    raise Exception("Could not load image {!r}{}: {!r}".format(filename, extra, e))
Exception: Could not load image 'images/txtbox-nadia.png': error('Unsupported image format')

Full traceback:
  File "C:\Users\Silvana Lima\Downloads\renpy\renpy-8.2.1-sdk\renpy\bootstrap.py", line 359, in bootstrap
    renpy.main.main()
  File "C:\Users\Silvana Lima\Downloads\renpy\renpy-8.2.1-sdk\renpy\main.py", line 635, in main
    run(restart)
  File "C:\Users\Silvana Lima\Downloads\renpy\renpy-8.2.1-sdk\renpy\main.py", line 145, in run
    renpy.execution.run_context(True)
  File "C:\Users\Silvana Lima\Downloads\renpy\renpy-8.2.1-sdk\renpy\execution.py", line 955, in run_context
    context.run()
  File "game/prologo.rpy", line 31, in script
    n "Olá, mundo! Preparem-se pois eu vou com tudo!"
  File "lib/python3.9/future/utils/__init__.py", line 444, in raise_
  File "game/prologo.rpy", line 31, in script
    n "Olá, mundo! Preparem-se pois eu vou com tudo!"
  File "C:\Users\Silvana Lima\Downloads\renpy\renpy-8.2.1-sdk\renpy\ast.py", line 2557, in execute
    Say.execute(self)
  File "C:\Users\Silvana Lima\Downloads\renpy\renpy-8.2.1-sdk\renpy\ast.py", line 615, in execute
    renpy.exports.say(who, what, *args, **kwargs)
  File "C:\Users\Silvana Lima\Downloads\renpy\renpy-8.2.1-sdk\renpy\exports.py", line 1493, in say
    who(what, *args, **kwargs)
  File "C:\Users\Silvana Lima\Downloads\renpy\renpy-8.2.1-sdk\renpy\character.py", line 1394, in __call__
    self.do_display(who, what, cb_args=self.cb_args, dtt=dtt, **display_args)
  File "renpy/common/00nvl_mode.rpy", line 380, in do_display
    renpy.display_say(
  File "C:\Users\Silvana Lima\Downloads\renpy\renpy-8.2.1-sdk\renpy\character.py", line 741, in display_say
    rv = renpy.ui.interact(mouse='say', type=type, roll_forward=roll_forward)
  File "C:\Users\Silvana Lima\Downloads\renpy\renpy-8.2.1-sdk\renpy\ui.py", line 301, in interact
    rv = renpy.game.interface.interact(roll_forward=roll_forward, **kwargs)
  File "C:\Users\Silvana Lima\Downloads\renpy\renpy-8.2.1-sdk\renpy\display\core.py", line 2165, in interact
    repeat, rv = self.interact_core(preloads=preloads, trans_pause=trans_pause, pause=pause, pause_start=pause_start, pause_modal=pause_modal, **kwargs) # type: ignore
  File "C:\Users\Silvana Lima\Downloads\renpy\renpy-8.2.1-sdk\renpy\display\core.py", line 2818, in interact_core
    self.draw_screen(root_widget, fullscreen_video, (not fullscreen_video) or video_frame_drawn)
  File "C:\Users\Silvana Lima\Downloads\renpy\renpy-8.2.1-sdk\renpy\display\core.py", line 1352, in draw_screen
    surftree = renpy.display.render.render_screen(
  File "render.pyx", line 486, in renpy.display.render.render_screen
  File "render.pyx", line 260, in renpy.display.render.render
  File "C:\Users\Silvana Lima\Downloads\renpy\renpy-8.2.1-sdk\renpy\display\layout.py", line 900, in render
    surf = render(child, width, height, cst, cat)
  File "render.pyx", line 170, in renpy.display.render.render
  File "render.pyx", line 260, in renpy.display.render.render
  File "C:\Users\Silvana Lima\Downloads\renpy\renpy-8.2.1-sdk\renpy\display\layout.py", line 900, in render
    surf = render(child, width, height, cst, cat)
  File "render.pyx", line 170, in renpy.display.render.render
  File "render.pyx", line 260, in renpy.display.render.render
  File "C:\Users\Silvana Lima\Downloads\renpy\renpy-8.2.1-sdk\renpy\display\layout.py", line 900, in render
    surf = render(child, width, height, cst, cat)
  File "render.pyx", line 170, in renpy.display.render.render
  File "render.pyx", line 260, in renpy.display.render.render
  File "C:\Users\Silvana Lima\Downloads\renpy\renpy-8.2.1-sdk\renpy\display\screen.py", line 754, in render
    child = renpy.display.render.render(self.child, w, h, st, at)
  File "render.pyx", line 170, in renpy.display.render.render
  File "render.pyx", line 260, in renpy.display.render.render
  File "C:\Users\Silvana Lima\Downloads\renpy\renpy-8.2.1-sdk\renpy\display\layout.py", line 900, in render
    surf = render(child, width, height, cst, cat)
  File "render.pyx", line 170, in renpy.display.render.render
  File "render.pyx", line 260, in renpy.display.render.render
  File "C:\Users\Silvana Lima\Downloads\renpy\renpy-8.2.1-sdk\renpy\display\layout.py", line 1361, in render
    surf = render(child,
  File "render.pyx", line 170, in renpy.display.render.render
  File "render.pyx", line 260, in renpy.display.render.render
  File "C:\Users\Silvana Lima\Downloads\renpy\renpy-8.2.1-sdk\renpy\display\layout.py", line 1121, in render
    surf = render(d, width - x, rh, cst, cat)
  File "render.pyx", line 170, in renpy.display.render.render
  File "render.pyx", line 260, in renpy.display.render.render
  File "C:\Users\Silvana Lima\Downloads\renpy\renpy-8.2.1-sdk\renpy\display\viewport.py", line 730, in render
    surf = renpy.display.render.render(c, cw, ch, st, at)
  File "render.pyx", line 170, in renpy.display.render.render
  File "render.pyx", line 260, in renpy.display.render.render
  File "C:\Users\Silvana Lima\Downloads\renpy\renpy-8.2.1-sdk\renpy\display\layout.py", line 1396, in render
    back = render(style.background, bw, bh, st, at)
  File "render.pyx", line 170, in renpy.display.render.render
  File "render.pyx", line 260, in renpy.display.render.render
  File "C:\Users\Silvana Lima\Downloads\renpy\renpy-8.2.1-sdk\renpy\display\im.py", line 626, in render
    return cache.get(self, render=True)
  File "C:\Users\Silvana Lima\Downloads\renpy\renpy-8.2.1-sdk\renpy\display\im.py", line 309, in get
    surf = image.load()
  File "C:\Users\Silvana Lima\Downloads\renpy\renpy-8.2.1-sdk\renpy\display\im.py", line 761, in load
    raise e
  File "C:\Users\Silvana Lima\Downloads\renpy\renpy-8.2.1-sdk\renpy\display\im.py", line 722, in load
    surf = renpy.display.pgrender.load_image(f, filename)
  File "C:\Users\Silvana Lima\Downloads\renpy\renpy-8.2.1-sdk\renpy\display\pgrender.py", line 201, in load_image
    raise Exception("Could not load image {!r}{}: {!r}".format(filename, extra, e))
Exception: Could not load image 'images/txtbox-nadia.png': error('Unsupported image format')

While loading <renpy.display.im.Image object ('images/txtbox-nadia.png') at 0x000000000591eeb0>:
  File "game/prologo.rpy", line 31, in script
    n "Olá, mundo! Preparem-se pois eu vou com tudo!"
  File "game/prologo.rpy", line 31, in script
    n "Olá, mundo! Preparem-se pois eu vou com tudo!"
  File "renpy/common/00nvl_mode.rpy", line 380, in do_display
    renpy.display_say(
Exception: Could not load image 'images/txtbox-nadia.png': error('Unsupported image format')
